Archive member included to satisfy reference by file (symbol)

/home/zhurish/workspace/working/zpl-source/source/debug/lib/libbase.a(log.o)
                              os_main.o (zlog_signal)
/home/zhurish/workspace/working/zpl-source/source/debug/lib/libbase.a(module.o)
                              /home/zhurish/workspace/working/zpl-source/source/debug/lib/libbase.a(log.o) (module2name)
/home/zhurish/workspace/working/zpl-source/source/debug/lib/libbase.a(memory.o)
                              /home/zhurish/workspace/working/zpl-source/source/debug/lib/libbase.a(log.o) (zmalloc)
/home/zhurish/workspace/working/zpl-source/source/debug/lib/libbase.a(memtypes.o)
                              /home/zhurish/workspace/working/zpl-source/source/debug/lib/libbase.a(memory.o) (mlists)
/home/zhurish/workspace/working/zpl-source/source/debug/lib/libbase.a(command.o)
                              os_main.o (print_version)
/home/zhurish/workspace/working/zpl-source/source/debug/lib/libbase.a(cli_node.o)
                              /home/zhurish/workspace/working/zpl-source/source/debug/lib/libbase.a(command.o) (node_parent)
/home/zhurish/workspace/working/zpl-source/source/debug/lib/libbase.a(host.o)
                              os_main.o (host_config_loading)
/home/zhurish/workspace/working/zpl-source/source/debug/lib/libbase.a(cmd_host.o)
                              /home/zhurish/workspace/working/zpl-source/source/debug/lib/libbase.a(command.o) (config_exit_cmd)
/home/zhurish/workspace/working/zpl-source/source/debug/lib/libbase.a(hash.o)
                              /home/zhurish/workspace/working/zpl-source/source/debug/lib/libbase.a(command.o) (hash_create)
/home/zhurish/workspace/working/zpl-source/source/debug/lib/libbase.a(str.o)
                              /home/zhurish/workspace/working/zpl-source/source/debug/lib/libbase.a(command.o) (strchr_count)
/home/zhurish/workspace/working/zpl-source/source/debug/lib/libbase.a(moduletypes.o)
                              /home/zhurish/workspace/working/zpl-source/source/debug/lib/libbase.a(module.o) (module_tbl)
/home/zhurish/workspace/working/zpl-source/source/debug/lib/libbase.a(prefix.o)
                              /home/zhurish/workspace/working/zpl-source/source/debug/lib/libbase.a(host.o) (ether_aton_r)
/home/zhurish/workspace/working/zpl-source/source/debug/lib/libbase.a(vector.o)
                              /home/zhurish/workspace/working/zpl-source/source/debug/lib/libbase.a(command.o) (vector_init)
/home/zhurish/workspace/working/zpl-source/source/debug/lib/libbase.a(workqueue.o)
                              /home/zhurish/workspace/working/zpl-source/source/debug/lib/libbase.a(cmd_host.o) (show_work_queues_cmd)
/home/zhurish/workspace/working/zpl-source/source/debug/lib/libbase.a(thread.o)
                              /home/zhurish/workspace/working/zpl-source/source/debug/lib/libbase.a(workqueue.o) (funcname_thread_add_background)
/home/zhurish/workspace/working/zpl-source/source/debug/lib/libbase.a(linklist.o)
                              /home/zhurish/workspace/working/zpl-source/source/debug/lib/libbase.a(workqueue.o) (list_new)
/home/zhurish/workspace/working/zpl-source/source/debug/lib/libbase.a(pqueue.o)
                              /home/zhurish/workspace/working/zpl-source/source/debug/lib/libbase.a(thread.o) (pqueue_create)
/home/zhurish/workspace/working/zpl-source/source/debug/lib/libnsm.a(moduletable.o)
                              os_main.o (pl_module_name_show)
/home/zhurish/workspace/working/zpl-source/source/debug/lib/libnsm.a(nsm_main.o)
                              /home/zhurish/workspace/working/zpl-source/source/debug/lib/libnsm.a(moduletable.o) (module_list_nsm)
/home/zhurish/workspace/working/zpl-source/source/debug/lib/libnsm.a(nsm_interface.o)
                              /home/zhurish/workspace/working/zpl-source/source/debug/lib/libnsm.a(nsm_main.o) (nsm_interface_init)
/home/zhurish/workspace/working/zpl-source/source/debug/lib/libnsm.a(nsm_8021x.o)
                              /home/zhurish/workspace/working/zpl-source/source/debug/lib/libnsm.a(nsm_main.o) (nsm_dot1x_init)
/home/zhurish/workspace/working/zpl-source/source/debug/lib/libnsm.a(nsm_arp.o)
                              /home/zhurish/workspace/working/zpl-source/source/debug/lib/libnsm.a(nsm_main.o) (nsm_ip_arp_init)
/home/zhurish/workspace/working/zpl-source/source/debug/lib/libnsm.a(nsm_bridge.o)
                              /home/zhurish/workspace/working/zpl-source/source/debug/lib/libnsm.a(nsm_main.o) (nsm_bridge_init)
/home/zhurish/workspace/working/zpl-source/source/debug/lib/libnsm.a(nsm_dns.o)
                              /home/zhurish/workspace/working/zpl-source/source/debug/lib/libnsm.a(nsm_main.o) (nsm_ip_dns_init)
/home/zhurish/workspace/working/zpl-source/source/debug/lib/libnsm.a(nsm_dos.o)
                              /home/zhurish/workspace/working/zpl-source/source/debug/lib/libnsm.a(nsm_main.o) (nsm_dos_init)
[...]
Memory Configuration

Name             Origin             Length             Attributes
*default*        0x0000000000000000 0xffffffffffffffff

Linker script and memory map

LOAD /opt/gcc-linaro-7.5.0-arm-linux-gnueabihf/bin/../arm-linux-gnueabihf/libc/usr/lib/crt1.o
LOAD /opt/gcc-linaro-7.5.0-arm-linux-gnueabihf/bin/../arm-linux-gnueabihf/libc/usr/lib/crti.o
LOAD /opt/gcc-linaro-7.5.0-arm-linux-gnueabihf/bin/../lib/gcc/arm-linux-gnueabihf/7.5.0/crtbegin.o
LOAD os_main.o
START GROUP
LOAD /home/zhurish/workspace/working/zpl-source/source/debug/lib/libbase.a
LOAD /home/zhurish/workspace/working/zpl-source/source/debug/lib/libhal.a
LOAD /home/zhurish/workspace/working/zpl-source/source/debug/lib/libipcbc.a
LOAD /home/zhurish/workspace/working/zpl-source/source/debug/lib/libjsoncpp.a
LOAD /home/zhurish/workspace/working/zpl-source/source/debug/lib/libnsm.a
LOAD /home/zhurish/workspace/working/zpl-source/source/debug/lib/libos.a
LOAD /home/zhurish/workspace/working/zpl-source/source/debug/lib/libpal.a
LOAD /home/zhurish/workspace/working/zpl-source/source/debug/lib/libproduct.a
LOAD /home/zhurish/workspace/working/zpl-source/source/debug/lib/librtpl.a
LOAD /home/zhurish/workspace/working/zpl-source/source/debug/lib/libsdk.a
LOAD /home/zhurish/workspace/working/zpl-source/source/debug/lib/libshell.a
LOAD /home/zhurish/workspace/working/zpl-source/source/debug/lib/libstartup.a
LOAD /home/zhurish/workspace/working/zpl-source/source/debug/lib/libuci.a
END GROUP
LOAD /opt/gcc-linaro-7.5.0-arm-linux-gnueabihf/bin/../arm-linux-gnueabihf/libc/usr/lib/libpthread.so
START GROUP
LOAD /opt/gcc-linaro-7.5.0-arm-linux-gnueabihf/bin/../arm-linux-gnueabihf/libc/lib/libpthread.so.0
LOAD /opt/gcc-linaro-7.5.0-arm-linux-gnueabihf/bin/../arm-linux-gnueabihf/libc/usr/lib/libpthread_nonshared.a
END GROUP
LOAD /opt/gcc-linaro-7.5.0-arm-linux-gnueabihf/bin/../arm-linux-gnueabihf/libc/usr/lib/librt.so
LOAD /opt/gcc-linaro-7.5.0-arm-linux-gnueabihf/bin/../arm-linux-gnueabihf/libc/usr/lib/libm.so
LOAD /opt/gcc-linaro-7.5.0-arm-linux-gnueabihf/bin/../arm-linux-gnueabihf/libc/usr/lib/libcrypt.so
LOAD /opt/gcc-linaro-7.5.0-arm-linux-gnueabihf/bin/../arm-linux-gnueabihf/libc/usr/lib/libdl.so
LOAD /opt/gcc-linaro-7.5.0-arm-linux-gnueabihf/bin/../lib/gcc/arm-linux-gnueabihf/7.5.0/../../../../arm-linux-gnueabihf/lib/libgcc_s.so
START GROUP
LOAD /opt/gcc-linaro-7.5.0-arm-linux-gnueabihf/bin/../lib/gcc/arm-linux-gnueabihf/7.5.0/../../../../arm-linux-gnueabihf/lib/libgcc_s.so.1
LOAD /opt/gcc-linaro-7.5.0-arm-linux-gnueabihf/bin/../lib/gcc/arm-linux-gnueabihf/7.5.0/libgcc.a
END GROUP
LOAD /opt/gcc-linaro-7.5.0-arm-linux-gnueabihf/bin/../lib/gcc/arm-linux-gnueabihf/7.5.0/../../../../arm-linux-gnueabihf/lib/libstdc++.so
LOAD /opt/gcc-linaro-7.5.0-arm-linux-gnueabihf/bin/../lib/gcc/arm-linux-gnueabihf/7.5.0/libgcc.a
LOAD /opt/gcc-linaro-7.5.0-arm-linux-gnueabihf/bin/../lib/gcc/arm-linux-gnueabihf/7.5.0/../../../../arm-linux-gnueabihf/lib/libgcc_s.so
START GROUP
LOAD /opt/gcc-linaro-7.5.0-arm-linux-gnueabihf/bin/../lib/gcc/arm-linux-gnueabihf/7.5.0/../../../../arm-linux-gnueabihf/lib/libgcc_s.so.1
LOAD /opt/gcc-linaro-7.5.0-arm-linux-gnueabihf/bin/../lib/gcc/arm-linux-gnueabihf/7.5.0/libgcc.a
END GROUP
LOAD /opt/gcc-linaro-7.5.0-arm-linux-gnueabihf/bin/../arm-linux-gnueabihf/libc/usr/lib/libc.so
START GROUP
LOAD /opt/gcc-linaro-7.5.0-arm-linux-gnueabihf/bin/../arm-linux-gnueabihf/libc/lib/libc.so.6
LOAD /opt/gcc-linaro-7.5.0-arm-linux-gnueabihf/bin/../arm-linux-gnueabihf/libc/usr/lib/libc_nonshared.a
LOAD /opt/gcc-linaro-7.5.0-arm-linux-gnueabihf/bin/../arm-linux-gnueabihf/libc/lib/ld-linux-armhf.so.3
END GROUP
LOAD /opt/gcc-linaro-7.5.0-arm-linux-gnueabihf/bin/../lib/gcc/arm-linux-gnueabihf/7.5.0/libgcc.a
LOAD /opt/gcc-linaro-7.5.0-arm-linux-gnueabihf/bin/../lib/gcc/arm-linux-gnueabihf/7.5.0/../../../../arm-linux-gnueabihf/lib/libgcc_s.so
START GROUP
LOAD /opt/gcc-linaro-7.5.0-arm-linux-gnueabihf/bin/../lib/gcc/arm-linux-gnueabihf/7.5.0/../../../../arm-linux-gnueabihf/lib/libgcc_s.so.1
LOAD /opt/gcc-linaro-7.5.0-arm-linux-gnueabihf/bin/../lib/gcc/arm-linux-gnueabihf/7.5.0/libgcc.a
END GROUP
LOAD /opt/gcc-linaro-7.5.0-arm-linux-gnueabihf/bin/../lib/gcc/arm-linux-gnueabihf/7.5.0/crtend.o
LOAD /opt/gcc-linaro-7.5.0-arm-linux-gnueabihf/bin/../arm-linux-gnueabihf/libc/usr/lib/crtn.o
                [!provide]                        PROVIDE (__executable_start, SEGMENT_START ("text-segment", 0x10000))
                0x0000000000010154                . = (SEGMENT_START ("text-segment", 0x10000) + SIZEOF_HEADERS)

.interp         0x0000000000010154       0x19
 *(.interp)
 .interp        0x0000000000010154       0x19 /opt/gcc-linaro-7.5.0-arm-linux-gnueabihf/bin/../arm-linux-gnueabihf/libc/usr/lib/crt1.o

.note.ABI-tag   0x0000000000010170       0x20
 .note.ABI-tag  0x0000000000010170       0x20 /opt/gcc-linaro-7.5.0-arm-linux-gnueabihf/bin/../arm-linux-gnueabihf/libc/usr/lib/crt1.o

.note.gnu.build-id
                0x0000000000010190       0x24
 *(.note.gnu.build-id)
 .note.gnu.build-id
                0x0000000000010190       0x24 linker stubs

.hash           0x00000000000101b4     0x5680
 *(.hash)
 .hash          0x00000000000101b4     0x5680 /opt/gcc-linaro-7.5.0-arm-linux-gnueabihf/bin/../arm-linux-gnueabihf/libc/usr/lib/crt1.o

.gnu.hash
 *(.gnu.hash)

.dynsym         0x0000000000015834     0xd990
 *(.dynsym)
 .dynsym        0x0000000000015834     0xd990 /opt/gcc-linaro-7.5.0-arm-linux-gnueabihf/bin/../arm-linux-gnueabihf/libc/usr/lib/crt1.o

.dynstr         0x00000000000231c4     0xf4ac
 *(.dynstr)
 .dynstr        0x00000000000231c4     0xf4ac /opt/gcc-linaro-7.5.0-arm-linux-gnueabihf/bin/../arm-linux-gnueabihf/libc/usr/lib/crt1.o

.gnu.version    0x0000000000032670     0x1b32
 *(.gnu.version)
 .gnu.version   0x0000000000032670     0x1b32 /opt/gcc-linaro-7.5.0-arm-linux-gnueabihf/bin/../arm-linux-gnueabihf/libc/usr/lib/crt1.o

.gnu.version_d  0x00000000000341a4        0x0
 *(.gnu.version_d)
 .gnu.version_d
                0x00000000000341a4        0x0 /opt/gcc-linaro-7.5.0-arm-linux-gnueabihf/bin/../arm-linux-gnueabihf/libc/usr/lib/crt1.o

.gnu.version_r  0x00000000000341a4       0xe0
 *(.gnu.version_r)
 .gnu.version_r
                0x00000000000341a4       0xe0 /opt/gcc-linaro-7.5.0-arm-linux-gnueabihf/bin/../arm-linux-gnueabihf/libc/usr/lib/crt1.o

.rel.dyn        0x0000000000034284       0x40
 *(.rel.init)
 *(.rel.text .rel.text.* .rel.gnu.linkonce.t.*)
 *(.rel.fini)
 *(.rel.rodata .rel.rodata.* .rel.gnu.linkonce.r.*)
 *(.rel.data.rel.ro .rel.data.rel.ro.* .rel.gnu.linkonce.d.rel.ro.*)
 .rel.data.rel.ro
                0x0000000000034284        0x0 /opt/gcc-linaro-7.5.0-arm-linux-gnueabihf/bin/../arm-linux-gnueabihf/libc/usr/lib/crt1.o
 *(.rel.data .rel.data.* .rel.gnu.linkonce.d.*)
 *(.rel.tdata .rel.tdata.* .rel.gnu.linkonce.td.*)
 *(.rel.tbss .rel.tbss.* .rel.gnu.linkonce.tb.*)
 *(.rel.ctors)
 *(.rel.dtors)
 *(.rel.got)
 .rel.got       0x0000000000034284       0x40 /opt/gcc-linaro-7.5.0-arm-linux-gnueabihf/bin/../arm-linux-gnueabihf/libc/usr/lib/crt1.o
 *(.rel.bss .rel.bss.* .rel.gnu.linkonce.b.*)
 .rel.bss       0x00000000000342c4        0x0 /opt/gcc-linaro-7.5.0-arm-linux-gnueabihf/bin/../arm-linux-gnueabihf/libc/usr/lib/crt1.o
                [!provide]                        PROVIDE (__rel_iplt_start, .)
 *(.rel.iplt)
 .rel.iplt      0x00000000000342c4        0x0 /opt/gcc-linaro-7.5.0-arm-linux-gnueabihf/bin/../arm-linux-gnueabihf/libc/usr/lib/crt1.o
                [!provide]                        PROVIDE (__rel_iplt_end, .)

.rela.dyn       0x00000000000342c4        0x0
 *(.rela.init)
 *(.rela.text .rela.text.* .rela.gnu.linkonce.t.*)
 *(.rela.fini)
 *(.rela.rodata .rela.rodata.* .rela.gnu.linkonce.r.*)
 *(.rela.data .rela.data.* .rela.gnu.linkonce.d.*)
 *(.rela.tdata .rela.tdata.* .rela.gnu.linkonce.td.*)
 *(.rela.tbss .rela.tbss.* .rela.gnu.linkonce.tb.*)
 *(.rela.ctors)
 *(.rela.dtors)
 *(.rela.got)
 *(.rela.bss .rela.bss.* .rela.gnu.linkonce.b.*)
                [!provide]                        PROVIDE (__rela_iplt_start, .)
 *(.rela.iplt)
                [!provide]                        PROVIDE (__rela_iplt_end, .)

.rel.plt        0x00000000000342c4      0x770
 *(.rel.plt)
 .rel.plt       0x00000000000342c4      0x770 /opt/gcc-linaro-7.5.0-arm-linux-gnueabihf/bin/../arm-linux-gnueabihf/libc/usr/lib/crt1.o

.rela.plt
 *(.rela.plt)

.init           0x0000000000034a34        0xc
 *(SORT(.init))
 .init          0x0000000000034a34        0x8 /opt/gcc-linaro-7.5.0-arm-linux-gnueabihf/bin/../arm-linux-gnueabihf/libc/usr/lib/crti.o
                0x0000000000034a34                _init
 .init          0x0000000000034a3c        0x4 /opt/gcc-linaro-7.5.0-arm-linux-gnueabihf/bin/../arm-linux-gnueabihf/libc/usr/lib/crtn.o

.plt            0x0000000000034a40      0xb40
 *(.plt)
 .plt           0x0000000000034a40      0xb40 /opt/gcc-linaro-7.5.0-arm-linux-gnueabihf/bin/../arm-linux-gnueabihf/libc/usr/lib/crt1.o
                0x0000000000034a54                pthread_cond_init@@GLIBC_2.4
                0x0000000000034a60                chdir@@GLIBC_2.4
                0x0000000000034a6c                sem_destroy@@GLIBC_2.4
                0x0000000000034a78                _IO_getc@@GLIBC_2.4
                0x0000000000034a84                pthread_mutex_lock@@GLIBC_2.4
                0x0000000000034a90                localtime_r@@GLIBC_2.4
                0x0000000000034a9c                ntohl@@GLIBC_2.4
                0x0000000000034aa8                pthread_mutex_init@@GLIBC_2.4
                0x0000000000034ab4                fscanf@@GLIBC_2.4
                0x0000000000034ac0                fsync@@GLIBC_2.4
                0x0000000000034acc                rand@@GLIBC_2.4
                0x0000000000034ad8                cfmakeraw@@GLIBC_2.4
                0x0000000000034ae4                pthread_detach@@GLIBC_2.4
                0x0000000000034af0                sync@@GLIBC_2.4
                0x0000000000034afc                ftruncate@@GLIBC_2.4
                0x0000000000034b14                popen@@GLIBC_2.4
                0x0000000000034b20                getpid@@GLIBC_2.4
                0x0000000000034b2c                gettimeofday@@GLIBC_2.4
                0x0000000000034b38                recvfrom@@GLIBC_2.4
                0x0000000000034b44                pthread_cond_destroy@@GLIBC_2.4
                0x0000000000034b50                cfsetospeed@@GLIBC_2.4
                0x0000000000034b5c                socketpair@@GLIBC_2.4
                0x0000000000034b68                getsockopt@@GLIBC_2.4
                0x0000000000034b74                strcasecmp@@GLIBC_2.4
                0x0000000000034b80                pthread_spin_unlock@@GLIBC_2.4
                0x0000000000034b8c                fdopen@@GLIBC_2.4
                0x0000000000034b98                mkstemp@@GLIBC_2.4
                0x0000000000034ba4                inet_addr@@GLIBC_2.4
                0x0000000000034bb0                strtol@@GLIBC_2.4
                0x0000000000034bbc                free@@GLIBC_2.4
                0x0000000000034bc8                pthread_spin_destroy@@GLIBC_2.4
                0x0000000000034bd4                inet_pton@@GLIBC_2.4
                0x0000000000034be0                readdir@@GLIBC_2.4
                0x0000000000034bec                fseek@@GLIBC_2.4
                0x0000000000034bf8                asprintf@@GLIBC_2.4
                0x0000000000034c04                pthread_mutexattr_init@@GLIBC_2.4
                0x0000000000034c10                pthread_mutex_timedlock@@GLIBC_2.4
                0x0000000000034c1c                pthread_setname_np@@GLIBC_2.12
                0x0000000000034c28                qsort@@GLIBC_2.4
                0x0000000000034c34                strncmp@@GLIBC_2.4
                0x0000000000034c40                pthread_exit@@GLIBC_2.4
                0x0000000000034c4c                pthread_attr_getschedparam@@GLIBC_2.4
                0x0000000000034c58                pthread_join@@GLIBC_2.4
                0x0000000000034c64                strcspn@@GLIBC_2.4
                0x0000000000034c70                vsyslog@@GLIBC_2.4
                0x0000000000034c7c                closedir@@GLIBC_2.4
                0x0000000000034c88                inet_ntop@@GLIBC_2.4
                0x0000000000034c94                inet_aton@@GLIBC_2.4
                0x0000000000034ca0                bcopy@@GLIBC_2.4
                0x0000000000034cac                exit@@GLIBC_2.4
                0x0000000000034cb8                printf@@GLIBC_2.4
                0x0000000000034cc4                strerror@@GLIBC_2.4
                0x0000000000034cd0                pthread_setschedparam@@GLIBC_2.4
                0x0000000000034cdc                pthread_attr_setschedpolicy@@GLIBC_2.4
                0x0000000000034ce8                uname@@GLIBC_2.4
                0x0000000000034cf4                getpeername@@GLIBC_2.4
                0x0000000000034d00                backtrace_symbols@@GLIBC_2.4
                0x0000000000034d0c                feof@@GLIBC_2.4
                0x0000000000034d18                puts@@GLIBC_2.4
                0x0000000000034d24                realpath@@GLIBC_2.4
                0x0000000000034d30                strtok@@GLIBC_2.4
                0x0000000000034d3c                strtoll@@GLIBC_2.4
                0x0000000000034d48                atol@@GLIBC_2.4
                0x0000000000034d54                flock@@GLIBC_2.4
                0x0000000000034d60                atoi@@GLIBC_2.4
                0x0000000000034d6c                syscall@@GLIBC_2.4
                0x0000000000034d78                sigfillset@@GLIBC_2.4
                0x0000000000034d84                sendto@@GLIBC_2.4
                0x0000000000034d90                readlink@@GLIBC_2.4
                0x0000000000034d9c                prctl@@GLIBC_2.4
                0x0000000000034da8                strtoul@@GLIBC_2.4
                0x0000000000034db4                nanosleep@@GLIBC_2.4
                0x0000000000034dc0                strftime@@GLIBC_2.4
                0x0000000000034dcc                putchar@@GLIBC_2.4
                0x0000000000034dd8                memset@@GLIBC_2.4
                0x0000000000034de4                pthread_self@@GLIBC_2.4
                0x0000000000034df0                closelog@@GLIBC_2.4
                0x0000000000034dfc                strspn@@GLIBC_2.4
                0x0000000000034e08                opendir@@GLIBC_2.4
                0x0000000000034e14                srandom@@GLIBC_2.4
                0x0000000000034e20                crypt@@GLIBC_2.4
                0x0000000000034e2c                recv@@GLIBC_2.4
                0x0000000000034e38                remove@@GLIBC_2.4
                0x0000000000034e44                fcntl@@GLIBC_2.4
                0x0000000000034e50                pthread_sigmask@@GLIBC_2.4
                0x0000000000034e5c                cfsetispeed@@GLIBC_2.4
                0x0000000000034e68                listen@@GLIBC_2.4
                0x0000000000034e74                __cmsg_nxthdr@@GLIBC_2.4
                0x0000000000034e80                snprintf@@GLIBC_2.4
                0x0000000000034e8c                sigaddset@@GLIBC_2.4
                0x0000000000034e98                pthread_mutex_trylock@@GLIBC_2.4
                0x0000000000034ea4                close@@GLIBC_2.4
                0x0000000000034eb0                gmtime@@GLIBC_2.4
                0x0000000000034ebc                fopen@@GLIBC_2.4
                0x0000000000034ec8                read@@GLIBC_2.4
                0x0000000000034ed4                abort@@GLIBC_2.4
                0x0000000000034ee0                vfprintf@@GLIBC_2.4
                0x0000000000034eec                recvmsg@@GLIBC_2.4
                0x0000000000034ef8                memmove@@GLIBC_2.4
                0x0000000000034f04                strpbrk@@GLIBC_2.4
                0x0000000000034f10                pthread_spin_init@@GLIBC_2.4
                0x0000000000034f1c                mkfifo@@GLIBC_2.4
                0x0000000000034f28                unlink@@GLIBC_2.4
                0x0000000000034f34                gethostbyname@@GLIBC_2.4
                0x0000000000034f40                kill@@GLIBC_2.4
                0x0000000000034f4c                ioctl@@GLIBC_2.4
                0x0000000000034f58                tcflush@@GLIBC_2.4
                0x0000000000034f64                pthread_yield@@GLIBC_2.4
                0x0000000000034f70                dup2@@GLIBC_2.4
                0x0000000000034f7c                gmtime_r@@GLIBC_2.4
                0x0000000000034f88                htonl@@GLIBC_2.4
                0x0000000000034f94                system@@GLIBC_2.4
                0x0000000000034fa0                inet_ntoa@@GLIBC_2.4
                0x0000000000034fac                realloc@@GLIBC_2.4
                0x0000000000034fb8                strcpy@@GLIBC_2.4
                0x0000000000034fc4                setns@@GLIBC_2.14
                0x0000000000034fd0                __assert_fail@@GLIBC_2.4
                0x0000000000034fdc                sem_trywait@@GLIBC_2.4
                0x0000000000034fe8                tzset@@GLIBC_2.4
                0x0000000000034ff4                bzero@@GLIBC_2.4
                0x0000000000035000                timer_create@@GLIBC_2.4
                0x000000000003500c                __aeabi_l2f@@GCC_3.5
                0x0000000000035018                open@@GLIBC_2.4
                0x0000000000035024                bind@@GLIBC_2.4
                0x0000000000035030                strsep@@GLIBC_2.4
                0x000000000003503c                waitpid@@GLIBC_2.4
                0x0000000000035048                chmod@@GLIBC_2.4
                0x0000000000035054                strcat@@GLIBC_2.4
                0x0000000000035060                rewind@@GLIBC_2.4
                0x000000000003506c                pthread_mutex_destroy@@GLIBC_2.4
                0x0000000000035078                tcsetattr@@GLIBC_2.4
                0x0000000000035084                backtrace@@GLIBC_2.4
                0x0000000000035090                fread@@GLIBC_2.4
                0x000000000003509c                fileno@@GLIBC_2.4
                0x00000000000350a8                sysinfo@@GLIBC_2.4
                0x00000000000350b4                __stack_chk_fail@@GLIBC_2.4
                0x00000000000350c0                timer_settime@@GLIBC_2.4
                0x00000000000350cc                fork@@GLIBC_2.4
                0x00000000000350d8                socket@@GLIBC_2.4
                0x00000000000350e4                backtrace_symbols_fd@@GLIBC_2.4
                0x00000000000350f0                pthread_spin_lock@@GLIBC_2.4
                0x00000000000350fc                access@@GLIBC_2.4
                0x0000000000035108                setenv@@GLIBC_2.4
                0x0000000000035114                isatty@@GLIBC_2.4
                0x0000000000035120                sigdelset@@GLIBC_2.4
                0x000000000003512c                mkdir@@GLIBC_2.4
                0x0000000000035138                ntohs@@GLIBC_2.4
                0x0000000000035144                strstr@@GLIBC_2.4
                0x0000000000035150                sem_init@@GLIBC_2.4
                0x000000000003515c                sem_timedwait@@GLIBC_2.4
                0x0000000000035168                setrlimit@@GLIBC_2.4
                0x0000000000035174                pthread_kill@@GLIBC_2.4
                0x0000000000035180                strncasecmp@@GLIBC_2.4
                0x000000000003518c                clock_settime@@GLIBC_2.4
                0x0000000000035198                pclose@@GLIBC_2.4
                0x00000000000351a4                pthread_attr_destroy@@GLIBC_2.4
                0x00000000000351b0                getopt_long@@GLIBC_2.4
                0x00000000000351bc                setsockopt@@GLIBC_2.4
                0x00000000000351c8                select@@GLIBC_2.4
                0x00000000000351d4                pthread_cancel@@GLIBC_2.4
                0x00000000000351e0                shutdown@@GLIBC_2.4
                0x00000000000351ec                sleep@@GLIBC_2.4
                0x00000000000351f8                lseek@@GLIBC_2.4
                0x0000000000035204                __ctype_b_loc@@GLIBC_2.4
                0x0000000000035210                pthread_attr_setstacksize@@GLIBC_2.4
                0x000000000003521c                if_nametoindex@@GLIBC_2.4
                0x0000000000035228                connect@@GLIBC_2.4
                0x0000000000035234                sigaction@@GLIBC_2.4
                0x0000000000035240                pthread_attr_init@@GLIBC_2.4
                0x000000000003524c                sysconf@@GLIBC_2.4
                0x0000000000035258                calloc@@GLIBC_2.4
                0x0000000000035264                strncat@@GLIBC_2.4
                0x0000000000035270                ftell@@GLIBC_2.4
                0x000000000003527c                daemon@@GLIBC_2.4
                0x0000000000035288                fgets@@GLIBC_2.4
                0x0000000000035294                sem_post@@GLIBC_2.4
                0x00000000000352a0                fputc@@GLIBC_2.4
                0x00000000000352ac                fwrite@@GLIBC_2.4
                0x00000000000352b8                longjmp@@GLIBC_2.4
                0x00000000000352c4                memcpy@@GLIBC_2.4
                0x00000000000352d0                umask@@GLIBC_2.4
                0x00000000000352dc                htons@@GLIBC_2.4
                0x00000000000352e8                malloc@@GLIBC_2.4
                0x00000000000352f4                strlen@@GLIBC_2.4
                0x0000000000035300                timer_delete@@GLIBC_2.4
                0x000000000003530c                getcwd@@GLIBC_2.4
                0x0000000000035318                pthread_testcancel@@GLIBC_2.4
                0x0000000000035324                accept@@GLIBC_2.4
                0x0000000000035330                globfree@@GLIBC_2.4
                0x000000000003533c                usleep@@GLIBC_2.4
                0x0000000000035348                fprintf@@GLIBC_2.4
                0x0000000000035354                fclose@@GLIBC_2.4
                0x0000000000035360                write@@GLIBC_2.4
                0x000000000003536c                getrlimit@@GLIBC_2.4
                0x0000000000035378                atof@@GLIBC_2.4
                0x0000000000035384                sprintf@@GLIBC_2.4
                0x0000000000035394                __xstat@@GLIBC_2.4
                0x00000000000353a0                random@@GLIBC_2.4
                0x00000000000353ac                _exit@@GLIBC_2.4
                0x00000000000353b8                pthread_create@@GLIBC_2.4
                0x00000000000353c4                strcmp@@GLIBC_2.4
                0x00000000000353d0                pthread_mutexattr_settype@@GLIBC_2.4
                0x00000000000353dc                time@@GLIBC_2.4
                0x00000000000353e8                tcgetattr@@GLIBC_2.4
                0x00000000000353f4                __errno_location@@GLIBC_2.4
                0x0000000000035400                send@@GLIBC_2.4
                0x000000000003540c                sscanf@@GLIBC_2.4
                0x0000000000035418                strncpy@@GLIBC_2.4
                0x0000000000035424                getchar@@GLIBC_2.4
                0x0000000000035430                fflush@@GLIBC_2.4
                0x000000000003543c                pthread_attr_setschedparam@@GLIBC_2.4
                0x0000000000035448                _setjmp@@GLIBC_2.4
                0x0000000000035454                memcmp@@GLIBC_2.4
                0x0000000000035460                __xpg_basename@@GLIBC_2.4
                0x000000000003546c                writev@@GLIBC_2.4
                0x0000000000035478                sendmsg@@GLIBC_2.4
                0x0000000000035484                sigemptyset@@GLIBC_2.4
                0x0000000000035490                strrchr@@GLIBC_2.4
                0x000000000003549c                getsockname@@GLIBC_2.4
                0x00000000000354a8                pthread_attr_setinheritsched@@GLIBC_2.4
                0x00000000000354b4                mktime@@GLIBC_2.4
                0x00000000000354c0                openlog@@GLIBC_2.4
                0x00000000000354cc                fputs@@GLIBC_2.4
                0x00000000000354d8                __libc_start_main@@GLIBC_2.4
                0x00000000000354e4                clock_gettime@@GLIBC_2.4
                0x00000000000354f0                vsprintf@@GLIBC_2.4
                0x00000000000354fc                execvp@@GLIBC_2.4
                0x0000000000035514                rename@@GLIBC_2.4
                0x0000000000035520                sem_wait@@GLIBC_2.4
                0x000000000003552c                strchr@@GLIBC_2.4
                0x0000000000035538                tcdrain@@GLIBC_2.4
                0x0000000000035544                pthread_mutex_unlock@@GLIBC_2.4
                0x0000000000035550                glob@@GLIBC_2.4
                0x000000000003555c                vsnprintf@@GLIBC_2.4
                0x0000000000035568                strdup@@GLIBC_2.4
                0x0000000000035574                sched_yield@@GLIBC_2.4

.iplt           0x0000000000035580        0x0
 *(.iplt)
 .iplt          0x0000000000035580        0x0 /opt/gcc-linaro-7.5.0-arm-linux-gnueabihf/bin/../arm-linux-gnueabihf/libc/usr/lib/crt1.o

.text           0x0000000000035580    0xb0b90
 *(.text.unlikely .text.*_unlikely .text.unlikely.*)
 *(.text.exit .text.exit.*)
 *(.text.startup .text.startup.*)
 *(.text.hot .text.hot.*)
 *(.text .stub .text.* .gnu.linkonce.t.*)
 .text          0x0000000000035580       0x30 /opt/gcc-linaro-7.5.0-arm-linux-gnueabihf/bin/../arm-linux-gnueabihf/libc/usr/lib/crt1.o
                0x0000000000035580                _start
 .text          0x00000000000355b0       0x24 /opt/gcc-linaro-7.5.0-arm-linux-gnueabihf/bin/../arm-linux-gnueabihf/libc/usr/lib/crti.o
 .text          0x00000000000355d4       0x6c /opt/gcc-linaro-7.5.0-arm-linux-gnueabihf/bin/../lib/gcc/arm-linux-gnueabihf/7.5.0/crtbegin.o
 .text          0x0000000000035640      0x57c os_main.o
                0x0000000000035a38                main
 .text          0x0000000000035bbc     0x4bc8 /home/zhurish/workspace/working/zpl-source/source/debug/lib/libbase.a(log.o)
                0x0000000000035bbc                zlog_facility_name
                0x0000000000035c04                zlog_facility_match
                0x0000000000035c50                zlog_priority_match
                0x0000000000035ca8                zlog_priority_name
                0x0000000000035cdc                zlog_proto_names
                0x0000000000035d04                quagga_timestamp
                0x0000000000035ec8                time_print
                0x0000000000035f3c                zlog_depth_debug_detail
                0x000000000003666e                pl_vzlog
                0x0000000000037270                zlog_signal
                0x00000000000376d8                zlog_backtrace_sigsafe
                0x0000000000037b70                zlog_backtrace
                0x0000000000037cd4                pl_zlog
                0x0000000000037d20                pl_zlog_err
                0x0000000000037d6c                pl_zlog_warn
                0x0000000000037db8                pl_zlog_info
                0x0000000000037e04                pl_zlog_notice
                0x0000000000037e50                pl_zlog_debug
                0x0000000000037e9c                pl_zlog_trap
                0x0000000000037f28                _zlog_assert_failed
                0x0000000000038004                openzlog
                0x0000000000038124                openzlog_start
                0x00000000000381a8                closezlog
                0x0000000000038240                zlog_set_trap
                0x00000000000382e8                zlog_get_trap
                0x000000000003835c                zlog_set_facility
                0x00000000000383c8                zlog_get_facility
                0x000000000003843c                zlog_set_record_priority
                0x00000000000384a8                zlog_get_record_priority
                0x000000000003851c                zlog_set_timestamp
                0x0000000000038594                zlog_get_timestamp
                0x0000000000038608                zlog_set_level
                0x000000000003867c                zlog_get_level
                0x00000000000386f8                zlog_reset_file
                0x0000000000038880                zlog_set_file
                0x0000000000038a5c                zlog_get_file
                0x0000000000038af8                zlog_close_file
                0x0000000000038ba4                zlog_set_file_size
                0x0000000000038c24                zlog_get_file_size
                0x0000000000038c9c                zlog_testing_enable
                0x0000000000038d54                zlog_testing_enabled
                0x0000000000038d88                zlog_testing_priority
                0x0000000000038df8                zlog_testing_file
                0x00000000000391dc                zlog_file_save
                0x00000000000397ac                zlog_buffer_reset
                0x0000000000039874                zlog_set_buffer_size
                0x00000000000398fc                zlog_get_buffer_size
                0x0000000000039974                zlog_buffer_save
                0x0000000000039ba8                zlog_buffer_callback_api
                0x0000000000039c70                zlog_rotate
                0x0000000000039e38                lookup
                0x0000000000039e7c                mes_lookup
                0x000000000003a0a0                zebra_route_string
                0x000000000003a0ba                zebra_route_char
                0x000000000003a0d6                zserv_command_string
                0x000000000003a138                proto_name2num
                0x000000000003a1a0                proto_redistnum
                0x000000000003a514                zlog_hexdump
 .text          0x000000000003a784      0x294 /home/zhurish/workspace/working/zpl-source/source/debug/lib/libbase.a(module.o)
                0x000000000003a784                module2name
                0x000000000003a7f0                name2module
                0x000000000003a874                module2task
                0x000000000003a8dc                task2module
                0x000000000003a944                task_module_self
                0x000000000003a9ac                module_setup_task
 .text          0x000000000003aa18      0x688 /home/zhurish/workspace/working/zpl-source/source/debug/lib/libbase.a(memory.o)
                0x000000000003aa84                zmalloc
                0x000000000003aacc                zzcalloc
                0x000000000003ab14                z_zcalloc
                0x000000000003ab60                zrealloc
                0x000000000003abb8                zfree
                0x000000000003abdc                cjson_malloc
                0x000000000003abf6                cjson_free
                0x000000000003ac0e                zstrdup
                0x000000000003ad9c                log_memstats_stderr
                0x000000000003af58                vty_show_memory_cmd
                0x000000000003afb0                memory_init
                0x000000000003afbe                mtype_memstr
                0x000000000003b078                mtype_stats_alloc
 .text          0x000000000003b0a0        0x0 /home/zhurish/workspace/working/zpl-source/source/debug/lib/libbase.a(memtypes.o)
 .text          0x000000000003b0a0     0x3bdc /home/zhurish/workspace/working/zpl-source/source/debug/lib/libbase.a(command.o)
                0x000000000003b0a0                print_version
                0x000000000003b0d8                argv_concat
                0x000000000003b1c6                install_node
                0x000000000003b228                reinstall_node
                0x000000000003b25c                cmd_make_strvec
                0x000000000003b3ac                cmd_free_strvec
                0x000000000003bcc8                cmd_prompt
                0x000000000003bd00                install_element
                0x000000000003be50                zencrypt
                0x000000000003bea0                cmd_node_vector
                0x000000000003ddec                cmd_describe_command
                0x000000000003e350                cmd_complete_command_lib
                0x000000000003e3fe                cmd_complete_command
                0x000000000003e5d4                cmd_execute_command
                0x000000000003e6e2                cmd_execute_command_strict
                0x000000000003e704                command_config_read_one_line
                0x000000000003e7b6                config_from_file
                0x000000000003e816                install_default_basic
                0x000000000003e878                install_default
                0x000000000003e910                cmd_init
                0x000000000003eb50                cmd_terminate
 .text          0x000000000003ec7c      0x34c /home/zhurish/workspace/working/zpl-source/source/debug/lib/libbase.a(cli_node.o)
                0x000000000003ecca                cmd_end_node
                0x000000000003ed64                cmd_stop_node
                0x000000000003ed7c                node_parent
                0x000000000003edec                cmd_exit_node
 .text          0x000000000003efc8     0x17e0 /home/zhurish/workspace/working/zpl-source/source/debug/lib/libbase.a(host.o)
                0x000000000003efc8                host_sysconfig_sync
                0x000000000003efd8                host_config_loading
                0x000000000003f01c                host_waitting_loadconfig
                0x000000000003f044                host_loadconfig_done
                0x000000000003f070                host_loadconfig_stats
                0x000000000003f09c                host_waitting_bspinit
                0x000000000003f0d8                host_bspinit_done
                0x000000000003f108                host_config_init
                0x000000000003f3a4                host_config_exit
                0x000000000003f690                host_config_set
                0x000000000003f718                host_config_get
                0x000000000003f738                host_name_get
                0x000000000003f758                host_config_set_api
                0x000000000003fc10                host_config_get_api
                0x000000000004059a                host_system_information_get
                0x00000000000405c8                show_host_system_information
 .text          0x00000000000407a8     0x1e3c /home/zhurish/workspace/working/zpl-source/source/debug/lib/libbase.a(cmd_host.o)
                0x00000000000425c8                cmd_host_init
 .text          0x00000000000425e4      0x4bc /home/zhurish/workspace/working/zpl-source/source/debug/lib/libbase.a(hash.o)
                0x00000000000425e4                hash_create_size
                0x0000000000042660                hash_create
                0x0000000000042680                hash_alloc_intern
                0x00000000000427a8                hash_get
                0x000000000004289a                hash_lookup
                0x00000000000428b8                string_hash_make
                0x00000000000428f4                hash_release
                0x00000000000429a2                hash_iterate
                0x00000000000429f4                hash_clean
                0x0000000000042a70                hash_free
 .text          0x0000000000042aa0      0xbd4 /home/zhurish/workspace/working/zpl-source/source/debug/lib/libbase.a(str.o)
                0x0000000000042aa0                strlcpy
                0x0000000000042aea                strlcat
                0x0000000000042b56                strupr
                0x0000000000042ba8                strlwr
                0x0000000000042bfa                string_have_space
                0x0000000000042c42                all_space
                0x0000000000042c86                all_isdigit
                0x0000000000042cca                str_trim
                0x0000000000042d52                itoa
                0x0000000000042dc4                ftoa
                0x0000000000042e10                dtoa
                0x0000000000042e58                is_hex
                0x0000000000042eaa                str_to_hex
                0x0000000000042eec                hex_to_str
                0x0000000000042f30                atoascii
                0x0000000000042f4c                strchr_count
                0x0000000000042fc8                strchr_step
                0x0000000000043060                strchr_offset
                0x00000000000430f0                strchr_step_num
                0x0000000000043180                os_strstr_last
                0x0000000000043220                str_isempty
                0x000000000004329c                getULong
                0x00000000000432bc                getUShort
                0x00000000000432de                putULong
                0x0000000000043300                putLong
                0x0000000000043324                putUShort
                0x000000000004334a                putShort
                0x0000000000043372                convert_num
                0x0000000000043536                strtonum
 .text          0x0000000000043674        0x0 /home/zhurish/workspace/working/zpl-source/source/debug/lib/libbase.a(moduletypes.o)
 .text          0x0000000000043674     0x14b8 /home/zhurish/workspace/working/zpl-source/source/debug/lib/libbase.a(prefix.o)
                0x0000000000043674                prefix_bit
                0x00000000000436b2                prefix6_bit
                0x00000000000436d4                str2family
                0x0000000000043734                afi2family
                0x0000000000043768                family2afi
                0x000000000004379e                afi2str
                0x00000000000437e0                safi2str
                0x0000000000043850                prefix_match
                0x00000000000438f0                prefix_copy
                0x00000000000439d4                prefix_same
                0x0000000000043a66                prefix_cmp
                0x0000000000043b14                prefix_common_bits
                0x0000000000043bea                prefix_family_str
                0x0000000000043c3c                prefix_ipv4_new
                0x0000000000043c58                prefix_ipv4_free
                0x0000000000043c6e                str2prefix_ipv4
                0x0000000000043d30                str2prefix_eth
                0x0000000000043e54                ether_aton_r
                0x0000000000043ee0                masklen2ip
                0x0000000000043f54                ip_masklen
                0x0000000000043f84                apply_mask_ipv4
                0x0000000000043fb6                prefix_ipv4_any
                0x0000000000043fe2                prefix_ipv6_new
                0x0000000000043ffe                prefix_ipv6_free
                0x0000000000044014                str2prefix_ipv6
                0x00000000000440d6                ip6_masklen
                0x0000000000044132                masklen2ip6
                0x0000000000044188                apply_mask_ipv6
                0x00000000000441fc                str2in6_addr
                0x0000000000044248                apply_mask
                0x0000000000044276                sockunion2prefix
                0x00000000000442f6                sockunion2hostprefix
                0x0000000000044378                prefix2sockunion
                0x00000000000443ca                prefix_blen
                0x00000000000443fc                str2prefix
                0x000000000004444c                prefix2str
                0x0000000000044550                prefix_2_address_str
                0x0000000000044638                prefix_new
                0x0000000000044652                prefix_free
                0x000000000004466e                prefix_zero
                0x0000000000044688                all_digit
                0x00000000000446d0                apply_classful_mask_ipv4
                0x0000000000044736                ipv4_network_addr
                0x000000000004475c                ipv4_broadcast_addr
                0x0000000000044794                netmask_str2prefix_str
                0x0000000000044848                inet6_ntoa
                0x0000000000044878                prefix_check_addr
                0x0000000000044948                inet_address
                0x000000000004499c                inet_ethernet
                0x0000000000044a14                cli_inet_ethernet
                0x0000000000044a8c                cli_ethernet_get
                0x0000000000044ad0                cli_ethernet_cmp
                0x0000000000044aee                get_hostip_byname
 .text          0x0000000000044b2c      0x344 /home/zhurish/workspace/working/zpl-source/source/debug/lib/libbase.a(vector.o)
                0x0000000000044b2c                vector_init
                0x0000000000044b70                vector_only_wrapper_free
                0x0000000000044b8c                vector_only_index_free
                0x0000000000044ba8                vector_free
                0x0000000000044bd6                vector_copy
                0x0000000000044c28                vector_ensure
                0x0000000000044c94                vector_empty_slot
                0x0000000000044ce0                vector_set
                0x0000000000044d26                vector_set_index
                0x0000000000044d64                vector_lookup
                0x0000000000044d94                vector_lookup_ensure
                0x0000000000044dba                vector_unset
                0x0000000000044e2a                vector_count
 .text          0x0000000000044e70      0x9bc /home/zhurish/workspace/working/zpl-source/source/debug/lib/libbase.a(workqueue.o)
                0x0000000000044ecc                work_queue_new
                0x0000000000044fdc                work_queue_free
                0x0000000000045044                work_queue_is_scheduled
                0x00000000000450e0                work_queue_add
                0x00000000000454c0                work_queue_plug
                0x0000000000045508                work_queue_unplug
                0x0000000000045538                work_queue_run
 .text          0x000000000004582c     0x263c /home/zhurish/workspace/working/zpl-source/source/debug/lib/libbase.a(thread.o)
                0x00000000000459f8                thread_master_create
                0x0000000000045aac                thread_master_module_create
                0x0000000000045b20                thread_master_module_lookup
                0x0000000000045d74                thread_master_free
                0x0000000000045e56                thread_timer_remain_second
                0x0000000000045e98                thread_timer_remain
                0x0000000000046210                funcname_thread_add_read
                0x0000000000046256                funcname_thread_add_write
                0x00000000000463d8                funcname_thread_add_timer
                0x000000000004643c                funcname_thread_add_timer_msec
                0x00000000000464d8                funcname_thread_add_timer_tv
                0x000000000004650c                funcname_thread_add_background
                0x00000000000465b8                funcname_thread_add_event
                0x0000000000046654                thread_cancel
                0x0000000000046878                thread_cancel_event
                0x0000000000046b28                thread_fetch_quit
                0x0000000000046b4c                thread_wait_quit
                0x0000000000046b76                thread_fetch
                0x0000000000046e80                thread_mainloop
                0x0000000000046ec2                thread_consumed_time
                0x0000000000046ee4                thread_should_yield
                0x0000000000046f28                thread_getrusage
                0x0000000000047056                thread_call
                0x00000000000471a4                funcname_thread_ready
                0x0000000000047212                funcname_thread_execute
                0x0000000000047dfc                cmd_os_thread_init
 .text          0x0000000000047e68      0x770 /home/zhurish/workspace/working/zpl-source/source/debug/lib/libbase.a(linklist.o)
                0x0000000000047e68                list_new
                0x0000000000047e7a                list_free
                0x0000000000047ec4                listnode_add
                0x0000000000047f38                listnode_add_sort
                0x0000000000048010                listnode_add_after
                0x00000000000480c0                listnode_add_before
                0x0000000000048170                listnode_move_to_tail
                0x00000000000481fe                listnode_delete
                0x000000000004829c                listnode_head
                0x00000000000482e4                list_delete_all_node
                0x0000000000048360                list_delete
                0x00000000000483a4                listnode_lookup
                0x000000000004843c                list_delete_node
                0x0000000000048496                list_add_node_prev
                0x0000000000048514                list_add_node_next
                0x0000000000048590                list_add_list
 .text          0x00000000000485d8      0x3e8 /home/zhurish/workspace/working/zpl-source/source/debug/lib/libbase.a(pqueue.o)
                0x00000000000485d8                trickle_up
                0x0000000000048682                trickle_down
                0x0000000000048774                pqueue_create
                0x00000000000487d6                pqueue_delete
                0x000000000004887c                pqueue_enqueue
                0x00000000000488e6                pqueue_dequeue
                0x0000000000048926                pqueue_remove_at
                0x000000000004899e                pqueue_empty
 .text          0x00000000000489c0      0xee0 /home/zhurish/workspace/working/zpl-source/source/debug/lib/libnsm.a(moduletable.o)
                0x00000000000489c0                pl_module_name_show
                0x0000000000048a58                pl_module_name_init
                0x0000000000048b50                pl_module_init
                0x0000000000048c40                pl_module_exit
                0x0000000000048d30                pl_module_task_name_init
                0x0000000000048e50                pl_module_task_init
                0x0000000000048f68                pl_module_task_exit
                0x0000000000049068                pl_module_cmd_name_init
                0x0000000000049174                pl_module_cmd_init
                0x0000000000049688                pl_module_allinit
                0x0000000000049698                pl_module_allexit
                0x00000000000496a8                pl_module_task_allinit
                0x00000000000496b8                pl_module_task_allexit
                0x00000000000496c8                pl_module_cmd_allinit
                0x00000000000496d8                pl_module_info
                0x00000000000497a4                submodule_setup
 .text          0x00000000000498a0      0x258 /home/zhurish/workspace/working/zpl-source/source/debug/lib/libnsm.a(nsm_main.o)
                0x00000000000498e0                nsm_module_init
                0x0000000000049988                nsm_module_exit
                0x00000000000499de                nsm_module_cmd_init
                0x0000000000049a30                nsm_task_init
                0x0000000000049ab0                nsm_task_exit
 .text          0x0000000000049af8     0x3084 /home/zhurish/workspace/working/zpl-source/source/debug/lib/libnsm.a(nsm_interface.o)
                0x000000000004a1c4                nsm_interface_update_kernel
                0x000000000004a2b4                nsm_interface_create_check_api
                0x000000000004a600                nsm_interface_update_api
                0x000000000004a616                nsm_interface_hw_update_api
                0x000000000004a62c                nsm_interface_create_api
                0x000000000004a6b0                nsm_interface_delete_api
                0x000000000004aa76                nsm_interface_ip_address_add
                0x000000000004ab7a                nsm_interface_ip_address_del
                0x000000000004ac1c                nsm_interface_address_get_api
                0x000000000004ac5e                nsm_interface_mode_set_api
                0x000000000004acfc                nsm_interface_mode_get_api
                0x000000000004ad70                nsm_interface_enca_set_api
                0x000000000004af24                nsm_interface_enca_get_api
                0x000000000004afac                nsm_interface_up_set_api
                0x000000000004b05c                nsm_interface_down_set_api
                0x000000000004b0fc                nsm_interface_desc_set_api
                0x000000000004b146                nsm_interface_linkdetect_set_api
                0x000000000004b1e4                nsm_interface_linkdetect_get_api
                0x000000000004b260                nsm_interface_statistics_get_api
                0x000000000004b296                nsm_interface_address_set_api
                0x000000000004b2dc                nsm_interface_address_unset_api
                0x000000000004b322                nsm_interface_multicast_set_api
                0x000000000004b3c8                nsm_interface_multicast_get_api
                0x000000000004b464                nsm_interface_bandwidth_set_api
                0x000000000004b4f4                nsm_interface_bandwidth_get_api
                0x000000000004b56c                nsm_interface_vrf_set_api
                0x000000000004b600                nsm_interface_vrf_get_api
                0x000000000004b678                nsm_interface_metric_set_api
                0x000000000004b708                nsm_interface_metric_get_api
                0x000000000004b780                nsm_interface_mtu_set_api
                0x000000000004b828                nsm_interface_mtu_get_api
                0x000000000004b8a0                nsm_interface_mac_set_api
                0x000000000004b94c                nsm_interface_mac_get_api
                0x000000000004b9d8                nsm_interface_duplex_set_api
                0x000000000004ba74                nsm_interface_duplex_get_api
                0x000000000004bafc                nsm_interface_speed_set_api
                0x000000000004bb98                nsm_interface_speed_get_api
                0x000000000004bd7c                nsm_interface_show_api
                0x000000000004c34c                nsm_interface_show_brief_api
                0x000000000004c834                nsm_interface_hook_add
                0x000000000004c8bc                nsm_interface_write_hook_add
                0x000000000004ca7c                nsm_interface_write_hook_handler
                0x000000000004cb18                nsm_interface_init
 .text          0x000000000004cb7c     0x151c /home/zhurish/workspace/working/zpl-source/source/debug/lib/libnsm.a(nsm_8021x.o)
                0x000000000004cb7c                nsm_dot1x_init
                0x000000000004cbcc                nsm_dot1x_exit
                0x000000000004ce68                dot1x_callback_api
                0x000000000004cf18                nsm_dot1x_global_enable
                0x000000000004cf7c                nsm_dot1x_global_is_enable
                0x000000000004cfd8                nsm_dot1x_enable_set_api
                0x000000000004d0b0                nsm_dot1x_enable_get_api
                0x000000000004d148                nsm_dot1x_is_enable_api
                0x000000000004d1bc                nsm_dot1x_auth_type_set_api
                0x000000000004d23c                nsm_dot1x_auth_type_get_api
                0x000000000004d2c4                nsm_dot1x_auth_state_set_api
                0x000000000004d344                nsm_dot1x_auth_state_get_api
                0x000000000004d3cc                nsm_dot1x_auth_version_set_api
                0x000000000004d44c                nsm_dot1x_auth_version_get_api
                0x000000000004d4d4                nsm_dot1x_reauthentication_set_api
                0x000000000004d554                nsm_dot1x_reauthentication_get_api
                0x000000000004d5d8                nsm_dot1x_port_mode_set_api
                0x000000000004d658                nsm_dot1x_port_mode_get_api
                0x000000000004d6dc                nsm_dot1x_mac_auth_bypass_set_api
                0x000000000004d75c                nsm_dot1x_mac_auth_bypass_get_api
                0x000000000004d7e4                nsm_dot1x_guest_vlan_set_api
                0x000000000004d864                nsm_dot1x_guest_vlan_get_api
                0x000000000004d8ec                nsm_dot1x_max_user_set_api
                0x000000000004d96c                nsm_dot1x_max_user_get_api
                0x000000000004d9f4                nsm_dot1x_reauth_timeout_set_api
                0x000000000004da74                nsm_dot1x_reauth_timeout_get_api
                0x000000000004dafc                nsm_dot1x_server_timeout_set_api
                0x000000000004db7c                nsm_dot1x_server_timeout_get_api
                0x000000000004dc04                nsm_dot1x_supp_timeout_set_api
                0x000000000004dc84                nsm_dot1x_supp_timeout_get_api
                0x000000000004dd0c                nsm_dot1x_period_timeout_set_api
                0x000000000004dd8c                nsm_dot1x_period_timeout_get_api
                0x000000000004de14                nsm_dot1x_quiet_period_timeout_set_api
                0x000000000004de94                nsm_dot1x_quiet_period_timeout_get_api
                0x000000000004df1c                nsm_dot1x_max_req_set_api
                0x000000000004df9c                nsm_dot1x_max_req_get_api
                0x000000000004e024                nsm_dot1x_reset_api
 .text          0x000000000004e098     0x111c /home/zhurish/workspace/working/zpl-source/source/debug/lib/libnsm.a(nsm_arp.o)
                0x000000000004e098                nsm_ip_arp_init
                0x000000000004e0d8                nsm_ip_arp_exit
                0x000000000004e298                nsm_ip_arp_callback_api
                0x000000000004e350                nsm_ip_arp_lookup_api
                0x000000000004e3b8                nsm_ip_arp_add_api
                0x000000000004e4ac                nsm_ip_arp_del_api
                0x000000000004e568                nsm_ip_arp_get_api
                0x000000000004e5e4                nsm_ip_arp_ageing_time_set_api
                0x000000000004e650                nsm_ip_arp_ageing_time_get_api
                0x000000000004e6c0                nsm_ip_arp_timeout_set_api
                0x000000000004e72c                nsm_ip_arp_timeout_get_api
                0x000000000004e79c                nsm_ip_arp_retry_interval_set_api
                0x000000000004e808                nsm_ip_arp_retry_interval_get_api
                0x000000000004e878                nsm_ip_arp_proxy_set_api
                0x000000000004e8e4                nsm_ip_arp_proxy_get_api
                0x000000000004e954                nsm_ip_arp_proxy_local_set_api
                0x000000000004e9c0                nsm_ip_arp_proxy_local_get_api
                0x000000000004edb0                ip_arp_cleanup_api
                0x000000000004ef38                ip_arp_dynamic_cb
                0x000000000004f144                nsm_ip_arp_config
                0x000000000004f168                nsm_ip_arp_ageing_config
 .text          0x000000000004f1b4      0x7e0 /home/zhurish/workspace/working/zpl-source/source/debug/lib/libnsm.a(nsm_bridge.o)
                0x000000000004f1b4                nsm_bridge_get
                0x000000000004f432                nsm_bridge_add_interface_api
                0x000000000004f4a4                nsm_bridge_del_interface_api
                0x000000000004f516                nsm_bridge_update_member_api
                0x000000000004f5e4                nsm_bridge_interface_stp_set_api
                0x000000000004f620                nsm_bridge_interface_max_age_set_api
                0x000000000004f65c                nsm_bridge_interface_hello_time_set_api
                0x000000000004f698                nsm_bridge_interface_forward_delay_set_api
                0x000000000004f6d4                nsm_bridge_interface_create_api
                0x000000000004f778                nsm_bridge_interface_del_api
                0x000000000004f7d8                nsm_bridge_interface_write_config
                0x000000000004f958                nsm_bridge_init
                0x000000000004f984                nsm_bridge_exit
 .text          0x000000000004f994     0x2db0 /home/zhurish/workspace/working/zpl-source/source/debug/lib/libnsm.a(nsm_dns.o)
                0x000000000004f994                nsm_ip_dns_init
                0x000000000004f9d4                nsm_ip_dns_exit
                0x000000000004fdc4                nsm_ip_dns_callback_api
                0x000000000004fe8c                nsm_ip_host_callback_api
                0x000000000004ff54                nsm_ip_dns_lookup_api
                0x000000000004ffb4                nsm_ip_host_lookup_api
                0x0000000000050014                nsm_ip_dns_add
                0x0000000000050100                nsm_ip_dns_add_api
                0x0000000000050122                nsm_ip_dns_get_api
                0x000000000005021c                nsm_ip_dns_del_by_ifindex
                0x0000000000050424                nsm_ip_dns_del
                0x0000000000050608                nsm_ip_dns_del_api
                0x0000000000050622                nsm_ip_host_add
                0x000000000005071c                nsm_ip_host_add_api
                0x000000000005073a                nsm_ip_host_del
                0x00000000000508b8                nsm_ip_host_del_api
                0x00000000000508d2                nsm_dns_domain_name_add_api
                0x00000000000509a0                nsm_dns_domain_name_del_api
                0x0000000000050a58                nsm_dns_domain_name_dynamic_api
                0x0000000000050ae0                nsm_ip_dns_host_config
                0x0000000000050da0                nsm_ip_dns_host_show
                0x0000000000051fb8                ip_dns_add_job
 .text          0x0000000000052744      0x57c /home/zhurish/workspace/working/zpl-source/source/debug/lib/libnsm.a(nsm_dos.o)
                0x0000000000052744                nsm_dos_init
                0x0000000000052770                nsm_dos_exit
                0x00000000000527ac                nsm_dos_enable
                0x000000000005280c                nsm_dos_is_enable
                0x0000000000052824                nsm_dos_enable_api
                0x000000000005298c                nsm_dos_disable_api
                0x0000000000052af4                nsm_dos_tcp_hdr_min
                0x0000000000052b68                nsm_dos_icmpv4_max
                0x0000000000052bdc                nsm_dos_icmpv6_max
                0x0000000000052c50                nsm_dos_callback_api
 .text          0x0000000000052cc0     0x2d70 /home/zhurish/workspace/working/zpl-source/source/debug/lib/libnsm.a(nsm_firewalld.o)
                0x0000000000052cc0                nsm_firewall_action_string
                0x0000000000052d70                nsm_firewall_type_string
                0x0000000000052e54                nsm_firewall_proto_string
                0x0000000000052f76                nsm_firewall_rule_add_api
                0x0000000000053050                nsm_firewall_rule_del_api
                0x0000000000053130                nsm_firewall_rule_lookup_api
                0x0000000000053198                nsm_firewall_rule_show_api
                0x0000000000054d48                nsm_firewall_rule_foreach_api
                0x0000000000055000                nsm_firewall_zone_add
                0x000000000005508c                nsm_firewall_zone_lookup
                0x0000000000055154                nsm_firewall_zone_del
                0x0000000000055314                nsm_firewall_zone_foreach_api
                0x00000000000557fc                nsm_firewall_init
                0x000000000005585c                nsm_firewall_exit
 .text          0x0000000000055a30      0x978 /home/zhurish/workspace/working/zpl-source/source/debug/lib/libnsm.a(nsm_mac.o)
                0x0000000000055a30                nsm_mac_init
                0x0000000000055c38                nsm_mac_exit
                0x0000000000055cb0                nsm_mac_cleanall_api
                0x0000000000055cc6                nsm_mac_clean_ifindex_api
                0x0000000000055ce6                nsm_mac_clean_vlan_api
                0x0000000000055e30                nsm_mac_callback_api
                0x0000000000055ed0                nsm_mac_lookup_api
                0x0000000000055f40                nsm_mac_add_api
                0x0000000000055fdc                nsm_mac_del_api
                0x0000000000056094                nsm_mac_get_api
                0x0000000000056118                nsm_mac_ageing_time_set_api
                0x0000000000056190                nsm_mac_ageing_time_get_api
                0x0000000000056200                nsm_gmac_set_api
                0x00000000000562cc                nsm_gmac_get_api
 .text          0x00000000000563a8     0x23bc /home/zhurish/workspace/working/zpl-source/source/debug/lib/libnsm.a(nsm_vlan.o)
                0x00000000000563a8                nsm_vlan_init
                0x0000000000056520                nsm_vlan_exit
                0x0000000000056594                nsm_vlan_cleanall
                0x00000000000565a4                nsm_vlan_enable
                0x0000000000056614                nsm_vlan_is_enable
                0x0000000000056a7e                nsm_vlan_create_api
                0x0000000000056b08                nsm_vlan_destroy_api
                0x0000000000056bdc                nsm_vlan_batch_create_api
                0x0000000000056c98                nsm_vlan_batch_destroy_api
                0x0000000000056d94                nsm_vlan_list_create_api
                0x0000000000056f5c                nsm_vlan_list_destroy_api
                0x0000000000057124                nsm_vlan_name_api
                0x00000000000571e0                nsm_vlan_lookup_api
                0x0000000000057240                nsm_vlan_lookup_by_name_api
                0x000000000005729c                nsm_vlan_callback_api
                0x000000000005733c                nsm_interface_add_untag_vlan_api
                0x00000000000573e8                nsm_interface_del_untag_vlan_api
                0x0000000000057494                nsm_interface_lookup_untag_vlan_api
                0x0000000000057518                nsm_interface_add_tag_vlan_api
                0x00000000000575c4                nsm_interface_del_tag_vlan_api
                0x0000000000057670                nsm_interface_lookup_tag_vlan_api
                0x00000000000576f4                nsm_interface_native_vlan_set_api
                0x00000000000577f4                nsm_interface_native_vlan_get_api
                0x00000000000578a8                nsm_interface_access_vlan_set_api
                0x0000000000057968                nsm_interface_access_vlan_unset_api
                0x0000000000057a2c                nsm_interface_access_vlan_get_api
                0x0000000000057ae0                nsm_interface_trunk_add_allowed_vlan_api
                0x0000000000057bdc                nsm_interface_trunk_del_allowed_vlan_api
                0x0000000000057cd8                nsm_interface_trunk_add_allowed_batch_vlan_api
                0x0000000000057e0c                nsm_interface_trunk_del_allowed_batch_vlan_api
                0x0000000000057f44                nsm_interface_trunk_allowed_vlan_list_api
                0x0000000000058194                nsm_vlan_interface_create_api
                0x0000000000058288                nsm_vlan_interface_del_api
                0x0000000000058338                nsm_vlan_interface_write_config
 .text          0x0000000000058764     0x20c0 /home/zhurish/workspace/working/zpl-source/source/debug/lib/libnsm.a(nsm_qos.o)
                0x0000000000058764                nsm_qos_global_enable
                0x000000000005878c                nsm_qos_global_get
                0x00000000000587a4                nsm_qos_shaping_global_enable
                0x00000000000587cc                nsm_qos_shaping_global_get
                0x00000000000587e4                nsm_dscp_to_cos
                0x00000000000587fc                nsm_cos_to_dscp
                0x0000000000058850                nsm_qos_storm_enable_set_api
                0x0000000000058880                nsm_qos_storm_enable_get_api
                0x00000000000588a6                nsm_qos_storm_unicast_set_api
                0x00000000000588e0                nsm_qos_storm_unicast_get_api
                0x0000000000058928                nsm_qos_storm_multicast_set_api
                0x0000000000058962                nsm_qos_storm_multicast_get_api
                0x00000000000589aa                nsm_qos_storm_broadcast_set_api
                0x00000000000589e4                nsm_qos_storm_broadcast_get_api
                0x0000000000058a2c                nsm_qos_rate_set_api
                0x0000000000058a92                nsm_qos_rate_get_api
                0x0000000000058af8                nsm_qos_trust_set_api
                0x0000000000058b28                nsm_qos_trust_get_api
                0x0000000000058b60                nsm_qos_queue_sched_mode_get_api
                0x0000000000058bba                nsm_qos_queue_sched_mode_set_api
                0x0000000000058c10                nsm_qos_class_map_set_api
                0x0000000000058c82                nsm_qos_class_map_get_api
                0x0000000000058cc4                nsm_qos_class_sched_set_api
                0x0000000000058d16                nsm_qos_class_sched_get_api
                0x0000000000058d74                nsm_qos_shaping_set_api
                0x0000000000058da6                nsm_qos_shaping_get_api
                0x0000000000058dde                nsm_qos_port_map_queue_set_api
                0x0000000000058e22                nsm_qos_port_map_queue_get_api
                0x0000000000058e5a                nsm_qos_priority_map_queue_set_api
                0x0000000000058eb8                nsm_qos_priority_map_queue_get_api
                0x0000000000058efa                nsm_qos_cos_map_priority_set_api
                0x0000000000058f58                nsm_qos_cos_map_priority_get_api
                0x0000000000058f9a                nsm_qos_ipprec_map_priority_set_api
                0x0000000000058ff8                nsm_qos_ipprec_map_priority_get_api
                0x000000000005903a                nsm_qos_mplsexp_map_priority_set_api
                0x0000000000059098                nsm_qos_mplsexp_map_priority_get_api
                0x00000000000590da                nsm_qos_dscp_map_priority_set_api
                0x0000000000059138                nsm_qos_dscp_map_priority_get_api
                0x000000000005917a                nsm_qos_cos_replace_set_api
                0x00000000000591cc                nsm_qos_cos_replace_get_api
                0x0000000000059204                nsm_qos_dscp_replace_set_api
                0x0000000000059256                nsm_qos_dscp_replace_get_api
                0x000000000005928e                nsm_qos_service_policy_set_api
                0x00000000000593d4                nsm_qos_service_policy_get_api
                0x000000000005978c                nsm_qos_interface_write_config
                0x000000000005a0d0                nsm_qos_interface_show
                0x000000000005a7c0                nsm_qos_init
                0x000000000005a814                nsm_qos_exit
 .text          0x000000000005a824     0x1840 /home/zhurish/workspace/working/zpl-source/source/debug/lib/libnsm.a(nsm_qos_acl.o)
                0x000000000005abb4                qos_access_filter_alloc
                0x000000000005abc2                qos_access_filter_free
                0x000000000005abe8                qos_access_filter_list_apply
                0x000000000005acf0                qos_access_filter_list_add
                0x000000000005ad0c                qos_access_filter_list_del
                0x000000000005ad28                qos_access_filter_list_lookup
                0x000000000005ad48                qos_access_filter_list_foreach
                0x000000000005b014                qos_access_list_create
                0x000000000005b044                qos_access_list_add
                0x000000000005b05c                qos_access_list_lookup
                0x000000000005b074                qos_access_list_reference
                0x000000000005b0c2                qos_access_list_destroy
                0x000000000005b108                qos_access_list_foreach
                0x000000000005b124                qos_class_map_create
                0x000000000005b164                qos_class_map_lookup
                0x000000000005b220                qos_class_map_reference
                0x000000000005b26e                qos_class_map_add
                0x000000000005b2d4                qos_class_map_del
                0x000000000005b354                qos_class_map_bind_access_list_set
                0x000000000005b438                qos_class_map_bind_access_list_get
                0x000000000005b460                qos_class_map_limit_set
                0x000000000005b4c8                qos_class_map_limit_get
                0x000000000005b530                qos_class_map_foreach
                0x000000000005b5d0                qos_service_policy_create
                0x000000000005b610                qos_service_policy_lookup
                0x000000000005b6cc                qos_service_policy_reference
                0x000000000005b71a                qos_service_policy_add
                0x000000000005b780                qos_service_policy_del
                0x000000000005b808                qos_service_policy_bind_class_map_set
                0x000000000005b8f0                qos_service_policy_bind_class_map_get
                0x000000000005b918                qos_service_policy_foreach
                0x000000000005bab4                qos_access_list_write_config
                0x000000000005bd3c                qos_class_map_write_config
                0x000000000005bdfc                qos_service_policy_write_config
                0x000000000005bff0                qos_access_list_init
                0x000000000005bffe                qos_access_list_exit
                0x000000000005c01c                qos_access_list_clean
                0x000000000005c02c                qos_service_policy_clean
                0x000000000005c048                qos_class_map_clean
 .text          0x000000000005c064     0x1940 /home/zhurish/workspace/working/zpl-source/source/debug/lib/libnsm.a(nsm_trunk.o)
                0x000000000005c064                nsm_trunk_interface_write_config
                0x000000000005c0b0                nsm_port_channel_get
                0x000000000005c240                nsm_trunk_interface_create_api
                0x000000000005c288                nsm_trunk_interface_del_api
                0x000000000005c2d0                nsm_trunk_init
                0x000000000005c4ac                nsm_trunk_exit
                0x000000000005c600                nsm_trunk_enable
                0x000000000005c6a0                nsm_trunk_is_enable
                0x000000000005ca74                l2trunk_lookup_api
                0x000000000005cb28                l2trunk_lookup_interface_count_api
                0x000000000005cbf0                nsm_trunk_create_api
                0x000000000005cd68                nsm_trunk_destroy_api
                0x000000000005ce70                l2trunk_lookup_interface_api
                0x000000000005cf24                nsm_trunk_get_ID_interface_api
                0x000000000005cfec                nsm_trunk_add_interface_api
                0x000000000005d0f8                nsm_trunk_del_interface_api
                0x000000000005d1b0                nsm_trunk_load_balance_api
                0x000000000005d290                nsm_trunk_lacp_port_priority_api
                0x000000000005d39c                nsm_trunk_lacp_timeout_api
                0x000000000005d4a8                nsm_trunk_lacp_system_priority_api
                0x000000000005d570                nsm_trunk_group_callback_api
                0x000000000005d644                nsm_trunk_callback_api
 .text          0x000000000005d9a4     0x1064 /home/zhurish/workspace/working/zpl-source/source/debug/lib/libnsm.a(nsm_mirror.o)
                0x000000000005d9a4                nsm_mirror_init
                0x000000000005d9d4                nsm_mirror_exit
                0x000000000005d9fc                nsm_mirror_destination_set_api
                0x000000000005dae8                nsm_mirror_destination_get_api
                0x000000000005db8c                nsm_mirror_is_destination_api
                0x000000000005dc4c                nsm_mirror_source_set_api
                0x000000000005dec8                nsm_mirror_source_get_api
                0x000000000005dfe0                nsm_mirror_is_source_api
                0x000000000005e324                nsm_mirror_source_mac_filter_set_api
                0x000000000005e940                bulid_mirror_config
 .text          0x000000000005ea08      0x848 /home/zhurish/workspace/working/zpl-source/source/debug/lib/libnsm.a(nsm_tunnel.o)
                0x000000000005ea08                nsm_tunnel_get
                0x000000000005ea98                nsm_tunnel_make_iphdr
                0x000000000005ee58                nsm_tunnel_mode_set_api
                0x000000000005ee8c                nsm_tunnel_mode_get_api
                0x000000000005eec2                nsm_tunnel_source_set_api
                0x000000000005eefc                nsm_tunnel_source_get_api
                0x000000000005ef36                nsm_tunnel_destination_set_api
                0x000000000005ef70                nsm_tunnel_destination_get_api
                0x000000000005efaa                nsm_tunnel_ttl_set_api
                0x000000000005efe2                nsm_tunnel_ttl_get_api
                0x000000000005f01c                nsm_tunnel_mtu_set_api
                0x000000000005f054                nsm_tunnel_mtu_get_api
                0x000000000005f090                nsm_tunnel_tos_set_api
                0x000000000005f0c8                nsm_tunnel_tos_get_api
                0x000000000005f102                nsm_tunnel_interface_create_api
                0x000000000005f1c0                nsm_tunnel_interface_del_api
                0x000000000005f214                nsm_tunnel_init
                0x000000000005f240                nsm_tunnel_exit
 .text          0x000000000005f250      0x6c0 /home/zhurish/workspace/working/zpl-source/source/debug/lib/libnsm.a(nsm_serial.o)
                0x000000000005f250                serial_index_make
                0x000000000005f332                nsm_serial_interface_create_api
                0x000000000005f45c                nsm_serial_interface_del_api
                0x000000000005f4da                nsm_serial_interface_kernel
                0x000000000005f546                nsm_serial_interface_clock
                0x000000000005f574                nsm_serial_interface_databit
                0x000000000005f5a2                nsm_serial_interface_stopbit
                0x000000000005f5d0                nsm_serial_interface_parity
                0x000000000005f5fe                nsm_serial_interface_flow_control
                0x000000000005f62c                nsm_serial_interface_devname
                0x000000000005f6d2                nsm_serial_interface_enca_set_api
                0x000000000005f6ea                nsm_serial_ppp_encapsulation
                0x000000000005f706                nsm_serial_ppp_decapsulation
                0x000000000005f722                nsm_serial_slip_encapsulation
                0x000000000005f73e                nsm_serial_slip_decapsulation
                0x000000000005f75a                nsm_serial_interface_write_config
                0x000000000005f8d4                nsm_serial_init
                0x000000000005f900                nsm_serial_exit
 .text          0x000000000005f910      0x2f8 /home/zhurish/workspace/working/zpl-source/source/debug/lib/libnsm.a(nsm_ppp.o)
                0x000000000005f910                nsm_ppp_interface_redisconnect
                0x000000000005f952                nsm_ppp_interface_enable
                0x000000000005fa20                nsm_ppp_interface_create_api
                0x000000000005faa8                nsm_ppp_interface_del_api
                0x000000000005fb26                nsm_ppp_interface_write_config
                0x000000000005fbcc                nsm_ppp_init
                0x000000000005fbf8                nsm_ppp_exit
 .text          0x000000000005fc08      0x168 /home/zhurish/workspace/working/zpl-source/source/debug/lib/libnsm.a(nsm_security.o)
                0x000000000005fc34                nsm_security_interface_create_api
                0x000000000005fc8a                nsm_security_interface_del_api
                0x000000000005fcfc                nsm_security_interface_write_config
                0x000000000005fd24                nsm_security_init
                0x000000000005fd50                nsm_security_exit
                0x000000000005fd60                cmd_security_init
 .text          0x000000000005fd70      0x220 /home/zhurish/workspace/working/zpl-source/source/debug/lib/libnsm.a(nsm_vlaneth.o)
                0x000000000005fd70                nsm_vlaneth_get
                0x000000000005fd92                nsm_vlaneth_interface_create_api
                0x000000000005fe80                nsm_vlaneth_interface_del_api
                0x000000000005fef2                nsm_vlaneth_interface_vid_set_api
                0x000000000005ff56                nsm_vlaneth_init
                0x000000000005ff80                nsm_vlaneth_exit
 .text          0x000000000005ff90     0x34c0 /home/zhurish/workspace/working/zpl-source/source/debug/lib/libnsm.a(cmd_interface.o)
                0x0000000000063124                cmd_interface_init
 .text          0x0000000000063450      0x310 /home/zhurish/workspace/working/zpl-source/source/debug/lib/libnsm.a(cmd_routerid.o)
                0x0000000000063450                router_id_write
                0x000000000006372c                cmd_router_id_init
 .text          0x0000000000063760      0x8e8 /home/zhurish/workspace/working/zpl-source/source/debug/lib/libnsm.a(cmd_port.o)
                0x0000000000063b8e                nsm_port_interface_config
                0x0000000000063e9a                cmd_port_init
 .text          0x0000000000064048     0x8ed8 /home/zhurish/workspace/working/zpl-source/source/debug/lib/libnsm.a(cmd_route.o)
                0x000000000006becc                cmd_route_init
 .text          0x000000000006cf20     0x119c /home/zhurish/workspace/working/zpl-source/source/debug/lib/libnsm.a(cmd_dot1x.o)
                0x000000000006ddd0                build_dot1x_interface
                0x000000000006de38                build_dot1x_config
                0x000000000006e080                cmd_dot1x_init
 .text          0x000000000006e0bc      0xbc4 /home/zhurish/workspace/working/zpl-source/source/debug/lib/libnsm.a(cmd_arp.o)
                0x000000000006eae4                cmd_arp_init
 .text          0x000000000006ec80      0x3c4 /home/zhurish/workspace/working/zpl-source/source/debug/lib/libnsm.a(cmd_bridge.o)
                0x000000000006f034                cmd_bridge_init
 .text          0x000000000006f044      0x6e8 /home/zhurish/workspace/working/zpl-source/source/debug/lib/libnsm.a(cmd_dns.o)
                0x000000000006f578                nsm_dns_debug_write
                0x000000000006f636                cmd_dns_init
 .text          0x000000000006f72c      0xa10 /home/zhurish/workspace/working/zpl-source/source/debug/lib/libnsm.a(cmd_dos.o)
                0x000000000006ffe6                cmd_dos_init
 .text          0x000000000007013c     0x11e8 /home/zhurish/workspace/working/zpl-source/source/debug/lib/libnsm.a(cmd_mac.o)
                0x0000000000071190                nsm_mac_address_table_config
                0x00000000000711c8                nsm_mac_address_table_ageing_config
                0x0000000000071214                cmd_mac_init
 .text          0x0000000000071324     0x2064 /home/zhurish/workspace/working/zpl-source/source/debug/lib/libnsm.a(cmd_vlan.o)
                0x00000000000731f8                cmd_vlan_init
 .text          0x0000000000073388     0x1f74 /home/zhurish/workspace/working/zpl-source/source/debug/lib/libnsm.a(cmd_qos.o)
                0x0000000000075260                cmd_qos_init
 .text          0x00000000000752fc     0x63a4 /home/zhurish/workspace/working/zpl-source/source/debug/lib/libnsm.a(cmd_qos_acl.o)
                0x000000000007b4e0                cmd_qos_acl_init
 .text          0x000000000007b6a0      0x694 /home/zhurish/workspace/working/zpl-source/source/debug/lib/libnsm.a(cmd_trunk.o)
                0x000000000007bd14                cmd_trunk_init
 .text          0x000000000007bd34      0x7f8 /home/zhurish/workspace/working/zpl-source/source/debug/lib/libnsm.a(cmd_mirror.o)
                0x000000000007c4b0                cmd_mirror_init
 .text          0x000000000007c52c      0xca8 /home/zhurish/workspace/working/zpl-source/source/debug/lib/libnsm.a(cmd_tunnel.o)
                0x000000000007d1b4                cmd_tunnel_init
 .text          0x000000000007d1d4      0x488 /home/zhurish/workspace/working/zpl-source/source/debug/lib/libnsm.a(cmd_serial.o)
                0x000000000007d64c                cmd_serial_init
 .text          0x000000000007d65c      0x7c4 /home/zhurish/workspace/working/zpl-source/source/debug/lib/libnsm.a(cmd_ppp.o)
                0x000000000007de10                cmd_ppp_init
 .text          0x000000000007de20      0x73c /home/zhurish/workspace/working/zpl-source/source/debug/lib/libnsm.a(nsm_halpal.o)
                0x000000000007de20                nsm_halpal_interface_add
                0x000000000007de54                nsm_halpal_interface_delete
                0x000000000007de7c                nsm_halpal_interface_up
                0x000000000007dec6                nsm_halpal_interface_down
                0x000000000007df10                nsm_halpal_interface_change
                0x000000000007df38                nsm_halpal_interface_refresh_flag
                0x000000000007df60                nsm_halpal_interface_update_flag
                0x000000000007df8c                nsm_halpal_interface_ifindex
                0x000000000007dfb4                nsm_halpal_interface_mtu
                0x000000000007dfe0                nsm_halpal_interface_metric
                0x000000000007dffc                nsm_halpal_interface_vrf
                0x000000000007e02c                nsm_halpal_interface_multicast
                0x000000000007e048                nsm_halpal_interface_bandwidth
                0x000000000007e064                nsm_halpal_interface_set_address
                0x000000000007e094                nsm_halpal_interface_unset_address
                0x000000000007e0ba                nsm_halpal_interface_set_dstaddr
                0x000000000007e0e0                nsm_halpal_interface_unset_dstaddr
                0x000000000007e106                nsm_halpal_interface_change_dhcp
                0x000000000007e12c                nsm_halpal_interface_mac
                0x000000000007e15c                nsm_halpal_interface_get_statistics
                0x000000000007e184                nsm_halpal_interface_speed
                0x000000000007e1aa                nsm_halpal_interface_mode
                0x000000000007e1c6                nsm_halpal_interface_enca
                0x000000000007e232                nsm_halpal_interface_linkdetect
                0x000000000007e24e                nsm_halpal_interface_stp
                0x000000000007e274                nsm_halpal_interface_loop
                0x000000000007e290                nsm_halpal_interface_8021x
                0x000000000007e2ac                nsm_halpal_interface_duplex
                0x000000000007e2d2                nsm_halpal_iproute_rib_action
                0x000000000007e2f8                nsm_halpal_interface_vlan_set
                0x000000000007e31e                nsm_halpal_interface_vlanpri_set
                0x000000000007e340                nsm_halpal_interface_promisc_link
                0x000000000007e366                nsm_halpal_create_vr
                0x000000000007e388                nsm_halpal_delete_vr
                0x000000000007e3aa                nsm_halpal_interface_arp_add
                0x000000000007e3d0                nsm_halpal_interface_arp_delete
                0x000000000007e3f2                nsm_halpal_interface_arp_request
                0x000000000007e414                nsm_halpal_arp_gratuitousarp_enable
                0x000000000007e436                nsm_halpal_arp_ttl
                0x000000000007e454                nsm_halpal_arp_age_timeout
                0x000000000007e472                nsm_halpal_arp_retry_interval
                0x000000000007e490                nsm_halpal_firewall_portmap_rule_set
                0x000000000007e4b2                nsm_halpal_firewall_port_filter_rule_set
                0x000000000007e4d4                nsm_halpal_firewall_mangle_rule_set
                0x000000000007e4f6                nsm_halpal_firewall_raw_rule_set
                0x000000000007e518                nsm_halpal_firewall_snat_rule_set
                0x000000000007e53a                nsm_halpal_firewall_dnat_rule_set
 .text          0x000000000007e55c      0x384 /home/zhurish/workspace/working/zpl-source/source/debug/lib/libnsm.a(nsm_pal.o)
                0x000000000007e55c                nsm_pal_interface_add
                0x000000000007e590                nsm_pal_interface_delete
                0x000000000007e5b8                nsm_pal_interface_up
                0x000000000007e5f6                nsm_pal_interface_down
                0x000000000007e634                nsm_pal_interface_mtu
                0x000000000007e660                nsm_pal_interface_metric
                0x000000000007e67c                nsm_pal_interface_vrf
                0x000000000007e6ac                nsm_pal_interface_multicast
                0x000000000007e6c8                nsm_pal_interface_bandwidth
                0x000000000007e6e4                nsm_pal_interface_set_address
                0x000000000007e714                nsm_pal_interface_unset_address
                0x000000000007e73a                nsm_pal_interface_mac
                0x000000000007e76a                nsm_pal_interface_get_statistics
                0x000000000007e792                nsm_pal_interface_speed
                0x000000000007e7b8                nsm_pal_interface_mode
                0x000000000007e7d4                nsm_pal_interface_enca
                0x000000000007e840                nsm_pal_interface_linkdetect
                0x000000000007e85c                nsm_pal_interface_stp
                0x000000000007e882                nsm_pal_interface_loop
                0x000000000007e89e                nsm_pal_interface_8021x
                0x000000000007e8ba                nsm_pal_interface_duplex
 .text          0x000000000007e8e0      0x8d0 /home/zhurish/workspace/working/zpl-source/source/debug/lib/libos.a(os_ipstack.o)
                0x000000000007e8e0                ipstack_sockstr
                0x000000000007e954                ipstack_invalid
                0x000000000007e978                ipstack_bzero
                0x000000000007e99c                ipstack_init
                0x000000000007e9c2                ipstack_get_blocking
                0x000000000007e9f6                ipstack_set_nonblocking
                0x000000000007ea2a                ipstack_set_blocking
                0x000000000007ea5e                ipstack_same
                0x000000000007eaa4                ipstack_copy
                0x000000000007eacc                ipstack_max
                0x000000000007eb14                ipstack_open
                0x000000000007eb54                ipstack_socket
                0x000000000007eb90                ipstack_socket_vrf
                0x000000000007ebf6                ipstack_socketpair
                0x000000000007ec42                ipstack_bind
                0x000000000007ec84                ipstack_getsockname
                0x000000000007ecc6                ipstack_connect
                0x000000000007ed08                ipstack_getpeername
                0x000000000007ed4a                ipstack_send
                0x000000000007ed8c                ipstack_recv
                0x000000000007edce                ipstack_sendto
                0x000000000007ee18                ipstack_recvfrom
                0x000000000007ee62                ipstack_sendmsg
                0x000000000007eea4                ipstack_recvmsg
                0x000000000007eee6                ipstack_getsockopt
                0x000000000007ef2c                ipstack_setsockopt
                0x000000000007ef72                ipstack_listen
                0x000000000007efb0                ipstack_accept
                0x000000000007f01a                ipstack_shutdown
                0x000000000007f058                ipstack_close
                0x000000000007f090                ipstack_ioctl
                0x000000000007f0d2                ipstack_write
                0x000000000007f118                ipstack_writev
                0x000000000007f142                ipstack_read
                0x000000000007f188                ipstack_socketselect
 .text          0x000000000007f1b0      0x794 /home/zhurish/workspace/working/zpl-source/source/debug/lib/libos.a(os_job.o)
                0x000000000007f1b0                os_job_init
                0x000000000007f2b8                os_job_exit
                0x000000000007f3b0                os_job_load
                0x000000000007f454                os_job_del
                0x000000000007f51c                os_job_add_entry
                0x000000000007f6ec                os_job_show
 .text          0x000000000007f944      0x552 /home/zhurish/workspace/working/zpl-source/source/debug/lib/libos.a(os_list.o)
                0x000000000007f944                lstLibInit
                0x000000000007f952                lstInit
                0x000000000007f978                lstInitFree
                0x000000000007f9a6                lstSortInit
                0x000000000007f9d4                lstAdd
                0x000000000007f9f4                lstConcat
                0x000000000007fa5a                lstCount
                0x000000000007fa72                lstDelete
                0x000000000007faca                lstExtract
                0x000000000007fb62                lstFirst
                0x000000000007fb7a                lstGet
                0x000000000007fbc6                lstInsert
                0x000000000007fc28                lstAddSort
                0x000000000007fcf2                lstLast
                0x000000000007fd0a                lstNext
                0x000000000007fd22                lstNth
                0x000000000007fd8e                lstPrevious
                0x000000000007fda6                lstNStep
                0x000000000007fdf0                lstFind
                0x000000000007fe3a                lstFree
 .text          0x000000000007fe96      0x328 /home/zhurish/workspace/working/zpl-source/source/debug/lib/libos.a(os_sem.o)
                0x000000000007fe96                os_sem_init
                0x000000000007fed6                os_sem_give
                0x000000000007fefc                os_sem_take
                0x000000000007ff9e                os_sem_exit
                0x000000000007ffce                os_mutex_init
                0x000000000008000c                os_mutex_unlock
                0x0000000000080032                os_mutex_lock
                0x00000000000800d4                os_mutex_exit
                0x0000000000080104                os_spin_init
                0x0000000000080142                os_spin_unlock